// Jest Snapshot v1, https://goo.gl/fbAQLP

exports[`MovieList test matches snapshot 1`] = `
<div>
  <div>
    <div>
      <div>
        Testing Movie Card1
         
        2021-09-22
      </div>
      <img
        alt="Poster for Testing Movie Card1"
        src="testingmovies.com/w-3//test.jpg"
      />
    </div>
    <div>
      <div>
        Testing Movie Card2
         
        2021-09-22
      </div>
      <img
        alt="Poster for Testing Movie Card2"
        src="testingmovies.com/w-3//test.jpg"
      />
    </div>
    <div>
      <div>
        Testing Movie Card3
         
        2021-09-22
      </div>
      <img
        alt="Poster for Testing Movie Card3"
        src="testingmovies.com/w-3//test.jpg"
      />
    </div>
  </div>
</div>
`;
