// Jest Snapshot v1, https://goo.gl/fbAQLP

exports[`Movie card test matches snapshot 1`] = `
<div>
  <div>
    <div>
      Testing Movie Card
       
      2021-09-22
    </div>
    <img
      alt="Poster for Testing Movie Card"
      src="testingmovies.com/w-3//test.jpg"
    />
  </div>
</div>
`;
